// Jest Snapshot v1, https://goo.gl/fbAQLP

exports[`<Login/>  render 1`] = `null`;
